// Jest Snapshot v1, https://goo.gl/fbAQLP

exports[`renders correctly with minimal/default props 1`] = `
<HorizontalStroke
  incomingConnection={null}
  outgoingConnection={1}
/>
`;
