// Jest Snapshot v1, https://goo.gl/fbAQLP

exports[`renders correctly without props 1`] = `
<div
  className="stroke-horizontal"
/>
`;
